<html>
<body>
<pre>
<h1>µVision Build Log</h1>
<h2>Project:</h2>
C:\Users\ADMIN\Desktop\HTNHUNGARM\Bai4\Bai4.uvproj
Project File Date:  10/06/2020

<h2>Output:</h2>
Rebuild target 'Target 1'
assembling Startup.s...
compiling main.c...
main.c(10): warning:  #1-D: last line of file ends without a newline
linking...
Program Size: Code=904 RO-data=16 RW-data=0 ZI-data=352  
".\Bai4.axf" - 0 Errors, 1 Warning(s).
Rebuild target 'Target 1'
assembling Startup.s...
compiling main.c...
main.c(67): warning:  #1-D: last line of file ends without a newline
linking...
Program Size: Code=2072 RO-data=188 RW-data=4 ZI-data=356  
".\Bai4.axf" - 0 Errors, 1 Warning(s).
Rebuild target 'Target 1'
assembling Startup.s...
compiling main.c...
main.c(67): warning:  #1-D: last line of file ends without a newline
linking...
Program Size: Code=2072 RO-data=188 RW-data=4 ZI-data=356  
FromELF: creating hex file...
".\Bai4.axf" - 0 Errors, 1 Warning(s).
Rebuild target 'Target 1'
assembling Startup.s...
compiling main.c...
main.c(67): warning:  #1-D: last line of file ends without a newline
linking...
Program Size: Code=2072 RO-data=188 RW-data=4 ZI-data=356  
FromELF: creating hex file...
".\Bai4.axf" - 0 Errors, 1 Warning(s).
Rebuild target 'Target 1'
assembling Startup.s...
compiling main.c...
main.c(67): warning:  #1-D: last line of file ends without a newline
linking...
Program Size: Code=2072 RO-data=188 RW-data=4 ZI-data=356  
FromELF: creating hex file...
".\Bai4.axf" - 0 Errors, 1 Warning(s).
Rebuild target 'Target 1'
assembling Startup.s...
compiling main.c...
main.c(67): warning:  #1-D: last line of file ends without a newline
linking...
Program Size: Code=2072 RO-data=188 RW-data=4 ZI-data=356  
FromELF: creating hex file...
".\Bai4.axf" - 0 Errors, 1 Warning(s).
Rebuild target 'Target 1'
assembling Startup.s...
compiling main.c...
main.c(67): warning:  #1-D: last line of file ends without a newline
linking...
Program Size: Code=2072 RO-data=188 RW-data=4 ZI-data=356  
FromELF: creating hex file...
".\Bai4.axf" - 0 Errors, 1 Warning(s).
